
> first-laurel-hotel@0.1.0 build
> next build

   Ôû▓ Next.js 15.1.0

   Creating an optimized production build ...
npm.cmd : (node:7724) ExperimentalWarning: CommonJS module C:\Users\mmuhy\OneDrive\Desktop\codingclasshtml\first-laurel
-hotel\first-laurel-hotel\node_modules\tailwindcss\lib\lib\load-config.js is loading ES Module 
C:\Users\mmuhy\OneDrive\Desktop\codingclasshtml\first-laurel-hotel\first-laurel-hotel\tailwind.config.ts using 
require().
At line:1 char:1
+ npm.cmd run build > build_output.txt 2>&1
+ ~~~~~~~~~~~~~~~~~~~~~~~~~~~~~~~~~~~~~~~~~
    + CategoryInfo          : NotSpecified: ((node:7724) Exp...sing require().:String) [], RemoteException
    + FullyQualifiedErrorId : NativeCommandError
 
Support for loading ES Module in require() is an experimental feature and might change at any time
(Use `node --trace-warnings ...` to show where the warning was created)
<w> [webpack.cache.PackFileCacheStrategy] Skipped not serializable cache item 'Compilation/modules|C:\Users\mmuhy\OneDr
ive\Desktop\codingclasshtml\first-laurel-hotel\first-laurel-hotel\node_modules\next\dist\build\webpack\loaders\css-load
er\src\index.js??ruleSet[1].rules[13].oneOf[10].use[2]!C:\Users\mmuhy\OneDrive\Desktop\codingclasshtml\first-laurel-hot
el\first-laurel-hotel\node_modules\next\dist\build\webpack\loaders\postcss-loader\src\index.js??ruleSet[1].rules[13].on
eOf[10].use[3]!C:\Users\mmuhy\OneDrive\Desktop\codingclasshtml\first-laurel-hotel\first-laurel-hotel\src\app\globals.cs
s': No serializer registered for PostCSSSyntaxError
<w> while serializing webpack/lib/cache/PackFileCacheStrategy.PackContentItems -> webpack/lib/NormalModule -> 
webpack/lib/ModuleBuildError -> PostCSSSyntaxError
Failed to compile.

./src/app/globals.css:57:3
Syntax error: 
C:\Users\mmuhy\OneDrive\Desktop\codingclasshtml\first-laurel-hotel\first-laurel-hotel\src\app\globals.css The 
`font-500` class does not exist. If `font-500` is a custom class, make sure it is defined within a `@layer` directive.

 [90m 55 | [39m
 [90m 56 | [39m[33m.btn-primary[39m [33m{[39m
[1m[31m>[39m[22m[90m 57 | [39m  [36m@apply[39m inline-flex items-center gap-2 bg-gold-500 text-white px-8 
py-3.5 font-body font-500 tracking-widest text-sm uppercase transition-all duration-300 hover[33m:[39mbg-gold-600 
hover[33m:[39mshadow-lg hover[33m:[39mshadow-gold-500/25 hover[33m:[39m-translate-y-0.5[33m;[39m
 [90m    | [39m  [1m[31m^[39m[22m
 [90m 58 | [39m[33m}[39m
 [90m 59 | [39m

./src/app/globals.css
Syntax error: 
C:\Users\mmuhy\OneDrive\Desktop\codingclasshtml\first-laurel-hotel\first-laurel-hotel\src\app\globals.css The 
`font-500` class does not exist. If `font-500` is a custom class, make sure it is defined within a `@layer` directive. 
(57:3)

 [90m 55 | [39m
 [90m 56 | [39m[33m.btn-primary[39m [33m{[39m
[1m[31m>[39m[22m[90m 57 | [39m  [36m@apply[39m inline-flex items-center gap-2 bg-gold-500 text-white px-8 
py-3.5 font-body font-500 tracking-widest text-sm uppercase transition-all duration-300 hover[33m:[39mbg-gold-600 
hover[33m:[39mshadow-lg hover[33m:[39mshadow-gold-500/25 hover[33m:[39m-translate-y-0.5[33m;[39m
 [90m    | [39m  [1m[31m^[39m[22m
 [90m 58 | [39m[33m}[39m
 [90m 59 | [39m

    at tryRunOrWebpackError (C:\Users\mmuhy\OneDrive\Desktop\codingclasshtml\first-laurel-hotel\first-laurel-hotel\node
_modules\next\dist\compiled\webpack\bundle5.js:28:314962)
    at __webpack_require_module__ (C:\Users\mmuhy\OneDrive\Desktop\codingclasshtml\first-laurel-hotel\first-laurel-hote
l\node_modules\next\dist\compiled\webpack\bundle5.js:28:131434)
    at __nested_webpack_require_161179__ (C:\Users\mmuhy\OneDrive\Desktop\codingclasshtml\first-laurel-hotel\first-laur
el-hotel\node_modules\next\dist\compiled\webpack\bundle5.js:28:130872)
    at C:\Users\mmuhy\OneDrive\Desktop\codingclasshtml\first-laurel-hotel\first-laurel-hotel\node_modules\next\dist\com
piled\webpack\bundle5.js:28:131723
    at symbolIterator (C:\Users\mmuhy\OneDrive\Desktop\codingclasshtml\first-laurel-hotel\first-laurel-hotel\node_modul
es\next\dist\compiled\neo-async\async.js:1:14444)
    at done (C:\Users\mmuhy\OneDrive\Desktop\codingclasshtml\first-laurel-hotel\first-laurel-hotel\node_modules\next\di
st\compiled\neo-async\async.js:1:14824)
    at Hook.eval [as callAsync] (eval at create (C:\Users\mmuhy\OneDrive\Desktop\codingclasshtml\first-laurel-hotel\fir
st-laurel-hotel\node_modules\next\dist\compiled\webpack\bundle5.js:13:9218), <anonymous>:15:1)
    at Hook.CALL_ASYNC_DELEGATE [as _callAsync] (C:\Users\mmuhy\OneDrive\Desktop\codingclasshtml\first-laurel-hotel\fir
st-laurel-hotel\node_modules\next\dist\compiled\webpack\bundle5.js:13:6372)
    at C:\Users\mmuhy\OneDrive\Desktop\codingclasshtml\first-laurel-hotel\first-laurel-hotel\node_modules\next\dist\com
piled\webpack\bundle5.js:28:130593
    at symbolIterator (C:\Users\mmuhy\OneDrive\Desktop\codingclasshtml\first-laurel-hotel\first-laurel-hotel\node_modul
es\next\dist\compiled\neo-async\async.js:1:14402)
-- inner error --
Syntax error: 
C:\Users\mmuhy\OneDrive\Desktop\codingclasshtml\first-laurel-hotel\first-laurel-hotel\src\app\globals.css The 
`font-500` class does not exist. If `font-500` is a custom class, make sure it is defined within a `@layer` directive. 
(57:3)

 [90m 55 | [39m
 [90m 56 | [39m[33m.btn-primary[39m [33m{[39m
[1m[31m>[39m[22m[90m 57 | [39m  [36m@apply[39m inline-flex items-center gap-2 bg-gold-500 text-white px-8 
py-3.5 font-body font-500 tracking-widest text-sm uppercase transition-all duration-300 hover[33m:[39mbg-gold-600 
hover[33m:[39mshadow-lg hover[33m:[39mshadow-gold-500/25 hover[33m:[39m-translate-y-0.5[33m;[39m
 [90m    | [39m  [1m[31m^[39m[22m
 [90m 58 | [39m[33m}[39m
 [90m 59 | [39m

    at Object.<anonymous> (C:\Users\mmuhy\OneDrive\Desktop\codingclasshtml\first-laurel-hotel\first-laurel-hotel\node_m
odules\next\dist\build\webpack\loaders\css-loader\src\index.js??ruleSet[1].rules[13].oneOf[10].use[2]!C:\Users\mmuhy\On
eDrive\Desktop\codingclasshtml\first-laurel-hotel\first-laurel-hotel\node_modules\next\dist\build\webpack\loaders\postc
ss-loader\src\index.js??ruleSet[1].rules[13].oneOf[10].use[3]!C:\Users\mmuhy\OneDrive\Desktop\codingclasshtml\first-lau
rel-hotel\first-laurel-hotel\src\app\globals.css:1:7)
    at C:\Users\mmuhy\OneDrive\Desktop\codingclasshtml\first-laurel-hotel\first-laurel-hotel\node_modules\next\dist\com
piled\webpack\bundle5.js:28:955548
    at Hook.eval [as call] (eval at create (C:\Users\mmuhy\OneDrive\Desktop\codingclasshtml\first-laurel-hotel\first-la
urel-hotel\node_modules\next\dist\compiled\webpack\bundle5.js:13:8996), <anonymous>:7:1)
    at Hook.CALL_DELEGATE [as _call] (C:\Users\mmuhy\OneDrive\Desktop\codingclasshtml\first-laurel-hotel\first-laurel-h
otel\node_modules\next\dist\compiled\webpack\bundle5.js:13:6266)
    at C:\Users\mmuhy\OneDrive\Desktop\codingclasshtml\first-laurel-hotel\first-laurel-hotel\node_modules\next\dist\com
piled\webpack\bundle5.js:28:131467
    at tryRunOrWebpackError (C:\Users\mmuhy\OneDrive\Desktop\codingclasshtml\first-laurel-hotel\first-laurel-hotel\node
_modules\next\dist\compiled\webpack\bundle5.js:28:314916)
    at __webpack_require_module__ (C:\Users\mmuhy\OneDrive\Desktop\codingclasshtml\first-laurel-hotel\first-laurel-hote
l\node_modules\next\dist\compiled\webpack\bundle5.js:28:131434)
    at __nested_webpack_require_161179__ (C:\Users\mmuhy\OneDrive\Desktop\codingclasshtml\first-laurel-hotel\first-laur
el-hotel\node_modules\next\dist\compiled\webpack\bundle5.js:28:130872)
    at C:\Users\mmuhy\OneDrive\Desktop\codingclasshtml\first-laurel-hotel\first-laurel-hotel\node_modules\next\dist\com
piled\webpack\bundle5.js:28:131723
    at symbolIterator (C:\Users\mmuhy\OneDrive\Desktop\codingclasshtml\first-laurel-hotel\first-laurel-hotel\node_modul
es\next\dist\compiled\neo-async\async.js:1:14444)

Generated code for C:\Users\mmuhy\OneDrive\Desktop\codingclasshtml\first-laurel-hotel\first-laurel-hotel\node_modules\n
ext\dist\build\webpack\loaders\css-loader\src\index.js??ruleSet[1].rules[13].oneOf[10].use[2]!C:\Users\mmuhy\OneDrive\D
esktop\codingclasshtml\first-laurel-hotel\first-laurel-hotel\node_modules\next\dist\build\webpack\loaders\postcss-loade
r\src\index.js??ruleSet[1].rules[13].oneOf[10].use[3]!C:\Users\mmuhy\OneDrive\Desktop\codingclasshtml\first-laurel-hote
l\first-laurel-hotel\src\app\globals.css

Import trace for requested module:
./src/app/globals.css


> Build failed because of webpack errors
